preprocessor name=""           [0,40) "#include <stdio.h>"
struct    name=""           [40,112) "typedef struct {"
enum      name="Color"      [112,146) "enum Color { RED, GREEN, BLUE };"
decl      name=""           [146,165) "int global_count;"
func      name="add"        [165,207) "int add(int a, int b) {"
func      name="main"       [207,317) "int main(int argc, char **argv) {"
