preamble  name=""           [0,221) "// Package sample is a fixture for GoSegmenter's golden test — a small"
import    name=""           [221,251) "import ("
type      name="Greeting"   [251,338) "type Greeting struct {"
var       name="defaultGreeting" [338,385) "var defaultGreeting = Greeting{Name: \"world\"}"
func      name="String"     [385,506) "func (g Greeting) String() string {"
func      name="shout"      [506,565) "func shout(s string) string {"
