module    name=""           [0,80) "module Main where"
import    name=""           [80,105) "import Data.List (sort)"
data      name="Color"      [105,184) "data Color = Red | Green | Blue"
decl      name="factorial"  [184,376) "factorial :: Integer -> Integer"
decl      name="main"       [376,459) "main :: IO ()"
