preamble  name=""           [0,51) "A short intro paragraph before the first heading."
heading   name=""           [51,164) "Getting Started"
heading   name=""           [164,219) "Configuration"
heading   name=""           [219,277) "Advanced options"
heading   name=""           [277,313) "Reference"
