preamble  name=""           [0,51) "A short intro paragraph before the first heading."
heading   name="Getting Started" [51,164) "Getting Started"
heading   name="Configuration" [164,219) "Configuration"
heading   name="Advanced options" [219,277) "Advanced options"
heading   name="Reference"  [277,313) "Reference"
